// Jest Snapshot v1, https://goo.gl/fbAQLP

exports[`should render AddExpensePage correctly 1`] = `
<div>
  <div
    className="content-header"
  >
    <div
      className="content-header__container container"
    >
      <h2
        className="content-header__heading"
      >
        Add new expense
      </h2>
    </div>
  </div>
  <div
    className="content-body"
  >
    <div
      className="content-body__container container"
    >
      <ExpenseForm
        onSubmit={[Function]}
      />
    </div>
  </div>
</div>
`;
