// Jest Snapshot v1, https://goo.gl/fbAQLP

exports[`should render <AppHeader /> correctly 1`] = `
<header>
  <h1>
    Expensify
  </h1>
  <ul>
    <li>
      <NavLink
        activeClassName="is-active"
        ariaCurrent="true"
        to="/dashboard"
      >
        Dashboard
      </NavLink>
    </li>
    <li>
      <NavLink
        activeClassName="is-active"
        ariaCurrent="true"
        to="/create"
      >
        Add new expense
      </NavLink>
    </li>
    <li>
      <button
        onClick={[Function]}
      >
        Logout
      </button>
    </li>
  </ul>
</header>
`;
